$ next build
  Γû▓ Next.js 14.2.16
  - Environments: .env

   Creating an optimized production build ...
Browserslist: caniuse-lite is outdated. Please run:
  npx update-browserslist-db@latest
  Why you should do it regularly: https://github.com/browserslist/update-db#readme
 Γ£ô Compiled successfully
   Skipping validation of types
   Skipping linting
   Collecting page data ...
PageNotFoundError: Cannot find module for page: /privacy
    at getPagePath (C:\Users\kwize\OneDrive\Documents\GitHub\ndabaga-impact\node_modules\.pnpm\next@14.2.16_@babel+core@7._290423a130b568bc79c6c80f1ff2e8ef\node_modules\next\dist\server\require.js:94:15)
    at requirePage (C:\Users\kwize\OneDrive\Documents\GitHub\ndabaga-impact\node_modules\.pnpm\next@14.2.16_@babel+core@7._290423a130b568bc79c6c80f1ff2e8ef\node_modules\next\dist\server\require.js:99:22)
    at C:\Users\kwize\OneDrive\Documents\GitHub\ndabaga-impact\node_modules\.pnpm\next@14.2.16_@babel+core@7._290423a130b568bc79c6c80f1ff2e8ef\node_modules\next\dist\server\load-components.js:98:84
    at process.processTicksAndRejections (node:internal/process/task_queues:105:5)
    at async loadComponentsImpl (C:\Users\kwize\OneDrive\Documents\GitHub\ndabaga-impact\node_modules\.pnpm\next@14.2.16_@babel+core@7._290423a130b568bc79c6c80f1ff2e8ef\node_modules\next\dist\server\load-components.js:98:26)
    at async C:\Users\kwize\OneDrive\Documents\GitHub\ndabaga-impact\node_modules\.pnpm\next@14.2.16_@babel+core@7._290423a130b568bc79c6c80f1ff2e8ef\node_modules\next\dist\build\utils.js:1116:32
    at async Span.traceAsyncFn (C:\Users\kwize\OneDrive\Documents\GitHub\ndabaga-impact\node_modules\.pnpm\next@14.2.16_@babel+core@7._290423a130b568bc79c6c80f1ff2e8ef\node_modules\next\dist\trace\trace.js:154:20) {
  code: 'ENOENT'
}

> Build error occurred
Error: Failed to collect page data for /privacy
    at C:\Users\kwize\OneDrive\Documents\GitHub\ndabaga-impact\node_modules\.pnpm\next@14.2.16_@babel+core@7._290423a130b568bc79c6c80f1ff2e8ef\node_modules\next\dist\build\utils.js:1268:15
    at process.processTicksAndRejections (node:internal/process/task_queues:105:5) {
  type: 'Error'
}
error: script "build" exited with code 1
